<?xml version="1.0" encoding="UTF-8"?>
<!--

    Copyright (c) 2025 Oracle and/or its affiliates.

    Licensed under the Apache License, Version 2.0 (the "License");
    you may not use this file except in compliance with the License.
    You may obtain a copy of the License at

        http://www.apache.org/licenses/LICENSE-2.0

    Unless required by applicable law or agreed to in writing, software
    distributed under the License is distributed on an "AS IS" BASIS,
    WITHOUT WARRANTIES OR CONDITIONS OF ANY KIND, either express or implied.
    See the License for the specific language governing permissions and
    limitations under the License.

-->
<variations>
    <variation>
        <heat>cold</heat>
        <cold>blue</cold>
        <blue>azure</blue>
    </variation>
    <variation>
        <heat>cold</heat>
        <cold>blue</cold>
        <blue>indigo</blue>
    </variation>
    <variation>
        <heat>cold</heat>
        <cold>blue,green</cold>
        <blue>azure</blue>
    </variation>
    <variation>
        <heat>cold</heat>
        <cold>blue,green</cold>
        <blue>indigo</blue>
    </variation>
    <variation>
        <heat>cold</heat>
        <cold>green</cold>
    </variation>
    <variation>
        <heat>cold</heat>
        <cold>none</cold>
    </variation>
    <variation>
        <heat>none</heat>
    </variation>
    <variation>
        <heat>warm</heat>
        <warm>none</warm>
    </variation>
    <variation>
        <heat>warm</heat>
        <warm>red</warm>
        <red>auburn</red>
    </variation>
    <variation>
        <heat>warm</heat>
        <warm>red</warm>
        <red>burgundy</red>
    </variation>
    <variation>
        <heat>warm,cold</heat>
        <warm>none</warm>
        <cold>blue</cold>
        <blue>azure</blue>
    </variation>
    <variation>
        <heat>warm,cold</heat>
        <warm>none</warm>
        <cold>blue</cold>
        <blue>indigo</blue>
    </variation>
    <variation>
        <heat>warm,cold</heat>
        <warm>none</warm>
        <cold>blue</cold>
        <blue>ultramarine</blue>
    </variation>
    <variation>
        <heat>warm,cold</heat>
        <warm>none</warm>
        <cold>blue,green</cold>
        <blue>azure</blue>
        <green>lime</green>
    </variation>
    <variation>
        <heat>warm,cold</heat>
        <warm>none</warm>
        <cold>blue,green</cold>
        <blue>azure</blue>
        <green>tea</green>
    </variation>
    <variation>
        <heat>warm,cold</heat>
        <warm>none</warm>
        <cold>blue,green</cold>
        <blue>indigo</blue>
        <green>lime</green>
    </variation>
    <variation>
        <heat>warm,cold</heat>
        <warm>none</warm>
        <cold>blue,green</cold>
        <blue>indigo</blue>
        <green>tea</green>
    </variation>
    <variation>
        <heat>warm,cold</heat>
        <warm>none</warm>
        <cold>blue,green</cold>
        <blue>ultramarine</blue>
        <green>lime</green>
    </variation>
    <variation>
        <heat>warm,cold</heat>
        <warm>none</warm>
        <cold>blue,green</cold>
        <blue>ultramarine</blue>
        <green>tea</green>
    </variation>
    <variation>
        <heat>warm,cold</heat>
        <warm>none</warm>
        <cold>green</cold>
        <green>lime</green>
    </variation>
    <variation>
        <heat>warm,cold</heat>
        <warm>none</warm>
        <cold>green</cold>
        <green>tea</green>
    </variation>
    <variation>
        <heat>warm,cold</heat>
        <warm>none</warm>
        <cold>none</cold>
    </variation>
    <variation>
        <heat>warm,cold</heat>
        <warm>orange</warm>
        <orange>peach</orange>
        <cold>blue</cold>
        <blue>azure</blue>
    </variation>
    <variation>
        <heat>warm,cold</heat>
        <warm>orange</warm>
        <orange>peach</orange>
        <cold>blue</cold>
        <blue>indigo</blue>
    </variation>
    <variation>
        <heat>warm,cold</heat>
        <warm>orange</warm>
        <orange>peach</orange>
        <cold>blue</cold>
        <blue>ultramarine</blue>
    </variation>
    <variation>
        <heat>warm,cold</heat>
        <warm>orange</warm>
        <orange>peach</orange>
        <cold>blue,green</cold>
        <blue>azure</blue>
        <green>lime</green>
    </variation>
    <variation>
        <heat>warm,cold</heat>
        <warm>orange</warm>
        <orange>peach</orange>
        <cold>blue,green</cold>
        <blue>azure</blue>
        <green>tea</green>
    </variation>
    <variation>
        <heat>warm,cold</heat>
        <warm>orange</warm>
        <orange>peach</orange>
        <cold>blue,green</cold>
        <blue>indigo</blue>
        <green>lime</green>
    </variation>
    <variation>
        <heat>warm,cold</heat>
        <warm>orange</warm>
        <orange>peach</orange>
        <cold>blue,green</cold>
        <blue>indigo</blue>
        <green>tea</green>
    </variation>
    <variation>
        <heat>warm,cold</heat>
        <warm>orange</warm>
        <orange>peach</orange>
        <cold>blue,green</cold>
        <blue>ultramarine</blue>
        <green>lime</green>
    </variation>
    <variation>
        <heat>warm,cold</heat>
        <warm>orange</warm>
        <orange>peach</orange>
        <cold>blue,green</cold>
        <blue>ultramarine</blue>
        <green>tea</green>
    </variation>
    <variation>
        <heat>warm,cold</heat>
        <warm>orange</warm>
        <orange>peach</orange>
        <cold>green</cold>
        <green>lime</green>
    </variation>
    <variation>
        <heat>warm,cold</heat>
        <warm>orange</warm>
        <orange>peach</orange>
        <cold>green</cold>
        <green>tea</green>
    </variation>
    <variation>
        <heat>warm,cold</heat>
        <warm>orange</warm>
        <orange>peach</orange>
        <cold>none</cold>
    </variation>
    <variation>
        <heat>warm,cold</heat>
        <warm>orange</warm>
        <orange>salmon</orange>
        <cold>blue</cold>
        <blue>azure</blue>
    </variation>
    <variation>
        <heat>warm,cold</heat>
        <warm>orange</warm>
        <orange>salmon</orange>
        <cold>blue</cold>
        <blue>indigo</blue>
    </variation>
    <variation>
        <heat>warm,cold</heat>
        <warm>orange</warm>
        <orange>salmon</orange>
        <cold>blue</cold>
        <blue>ultramarine</blue>
    </variation>
    <variation>
        <heat>warm,cold</heat>
        <warm>orange</warm>
        <orange>salmon</orange>
        <cold>blue,green</cold>
        <blue>azure</blue>
        <green>lime</green>
    </variation>
    <variation>
        <heat>warm,cold</heat>
        <warm>orange</warm>
        <orange>salmon</orange>
        <cold>blue,green</cold>
        <blue>azure</blue>
        <green>tea</green>
    </variation>
    <variation>
        <heat>warm,cold</heat>
        <warm>orange</warm>
        <orange>salmon</orange>
        <cold>blue,green</cold>
        <blue>indigo</blue>
        <green>lime</green>
    </variation>
    <variation>
        <heat>warm,cold</heat>
        <warm>orange</warm>
        <orange>salmon</orange>
        <cold>blue,green</cold>
        <blue>indigo</blue>
        <green>tea</green>
    </variation>
    <variation>
        <heat>warm,cold</heat>
        <warm>orange</warm>
        <orange>salmon</orange>
        <cold>blue,green</cold>
        <blue>ultramarine</blue>
        <green>lime</green>
    </variation>
    <variation>
        <heat>warm,cold</heat>
        <warm>orange</warm>
        <orange>salmon</orange>
        <cold>blue,green</cold>
        <blue>ultramarine</blue>
        <green>tea</green>
    </variation>
    <variation>
        <heat>warm,cold</heat>
        <warm>orange</warm>
        <orange>salmon</orange>
        <cold>green</cold>
        <green>lime</green>
    </variation>
    <variation>
        <heat>warm,cold</heat>
        <warm>orange</warm>
        <orange>salmon</orange>
        <cold>green</cold>
        <green>tea</green>
    </variation>
    <variation>
        <heat>warm,cold</heat>
        <warm>orange</warm>
        <orange>salmon</orange>
        <cold>none</cold>
    </variation>
    <variation>
        <heat>warm,cold</heat>
        <warm>red</warm>
        <red>auburn</red>
        <cold>blue</cold>
        <blue>azure</blue>
    </variation>
    <variation>
        <heat>warm,cold</heat>
        <warm>red</warm>
        <red>auburn</red>
        <cold>blue</cold>
        <blue>indigo</blue>
    </variation>
    <variation>
        <heat>warm,cold</heat>
        <warm>red</warm>
        <red>auburn</red>
        <cold>blue</cold>
        <blue>ultramarine</blue>
    </variation>
    <variation>
        <heat>warm,cold</heat>
        <warm>red</warm>
        <red>auburn</red>
        <cold>blue,green</cold>
        <blue>azure</blue>
        <green>lime</green>
    </variation>
    <variation>
        <heat>warm,cold</heat>
        <warm>red</warm>
        <red>auburn</red>
        <cold>blue,green</cold>
        <blue>azure</blue>
        <green>tea</green>
    </variation>
    <variation>
        <heat>warm,cold</heat>
        <warm>red</warm>
        <red>auburn</red>
        <cold>blue,green</cold>
        <blue>indigo</blue>
        <green>lime</green>
    </variation>
    <variation>
        <heat>warm,cold</heat>
        <warm>red</warm>
        <red>auburn</red>
        <cold>blue,green</cold>
        <blue>indigo</blue>
        <green>tea</green>
    </variation>
    <variation>
        <heat>warm,cold</heat>
        <warm>red</warm>
        <red>auburn</red>
        <cold>blue,green</cold>
        <blue>ultramarine</blue>
        <green>lime</green>
    </variation>
    <variation>
        <heat>warm,cold</heat>
        <warm>red</warm>
        <red>auburn</red>
        <cold>blue,green</cold>
        <blue>ultramarine</blue>
        <green>tea</green>
    </variation>
    <variation>
        <heat>warm,cold</heat>
        <warm>red</warm>
        <red>auburn</red>
        <cold>green</cold>
        <green>lime</green>
    </variation>
    <variation>
        <heat>warm,cold</heat>
        <warm>red</warm>
        <red>auburn</red>
        <cold>green</cold>
        <green>tea</green>
    </variation>
    <variation>
        <heat>warm,cold</heat>
        <warm>red</warm>
        <red>auburn</red>
        <cold>none</cold>
    </variation>
    <variation>
        <heat>warm,cold</heat>
        <warm>red</warm>
        <red>burgundy</red>
        <cold>blue</cold>
        <blue>azure</blue>
    </variation>
    <variation>
        <heat>warm,cold</heat>
        <warm>red</warm>
        <red>burgundy</red>
        <cold>blue</cold>
        <blue>indigo</blue>
    </variation>
    <variation>
        <heat>warm,cold</heat>
        <warm>red</warm>
        <red>burgundy</red>
        <cold>blue</cold>
        <blue>ultramarine</blue>
    </variation>
    <variation>
        <heat>warm,cold</heat>
        <warm>red</warm>
        <red>burgundy</red>
        <cold>blue,green</cold>
        <blue>azure</blue>
        <green>lime</green>
    </variation>
    <variation>
        <heat>warm,cold</heat>
        <warm>red</warm>
        <red>burgundy</red>
        <cold>blue,green</cold>
        <blue>azure</blue>
        <green>tea</green>
    </variation>
    <variation>
        <heat>warm,cold</heat>
        <warm>red</warm>
        <red>burgundy</red>
        <cold>blue,green</cold>
        <blue>indigo</blue>
        <green>lime</green>
    </variation>
    <variation>
        <heat>warm,cold</heat>
        <warm>red</warm>
        <red>burgundy</red>
        <cold>blue,green</cold>
        <blue>indigo</blue>
        <green>tea</green>
    </variation>
    <variation>
        <heat>warm,cold</heat>
        <warm>red</warm>
        <red>burgundy</red>
        <cold>blue,green</cold>
        <blue>ultramarine</blue>
        <green>lime</green>
    </variation>
    <variation>
        <heat>warm,cold</heat>
        <warm>red</warm>
        <red>burgundy</red>
        <cold>blue,green</cold>
        <blue>ultramarine</blue>
        <green>tea</green>
    </variation>
    <variation>
        <heat>warm,cold</heat>
        <warm>red</warm>
        <red>burgundy</red>
        <cold>green</cold>
        <green>lime</green>
    </variation>
    <variation>
        <heat>warm,cold</heat>
        <warm>red</warm>
        <red>burgundy</red>
        <cold>green</cold>
        <green>tea</green>
    </variation>
    <variation>
        <heat>warm,cold</heat>
        <warm>red</warm>
        <red>burgundy</red>
        <cold>none</cold>
    </variation>
    <variation>
        <heat>warm,cold</heat>
        <warm>red</warm>
        <red>light</red>
        <cold>blue</cold>
        <blue>azure</blue>
    </variation>
    <variation>
        <heat>warm,cold</heat>
        <warm>red</warm>
        <red>light</red>
        <cold>blue</cold>
        <blue>indigo</blue>
    </variation>
    <variation>
        <heat>warm,cold</heat>
        <warm>red</warm>
        <red>light</red>
        <cold>blue</cold>
        <blue>ultramarine</blue>
    </variation>
    <variation>
        <heat>warm,cold</heat>
        <warm>red</warm>
        <red>light</red>
        <cold>blue,green</cold>
        <blue>azure</blue>
        <green>lime</green>
    </variation>
    <variation>
        <heat>warm,cold</heat>
        <warm>red</warm>
        <red>light</red>
        <cold>blue,green</cold>
        <blue>azure</blue>
        <green>tea</green>
    </variation>
    <variation>
        <heat>warm,cold</heat>
        <warm>red</warm>
        <red>light</red>
        <cold>blue,green</cold>
        <blue>indigo</blue>
        <green>lime</green>
    </variation>
    <variation>
        <heat>warm,cold</heat>
        <warm>red</warm>
        <red>light</red>
        <cold>blue,green</cold>
        <blue>indigo</blue>
        <green>tea</green>
    </variation>
    <variation>
        <heat>warm,cold</heat>
        <warm>red</warm>
        <red>light</red>
        <cold>blue,green</cold>
        <blue>ultramarine</blue>
        <green>lime</green>
    </variation>
    <variation>
        <heat>warm,cold</heat>
        <warm>red</warm>
        <red>light</red>
        <cold>blue,green</cold>
        <blue>ultramarine</blue>
        <green>tea</green>
    </variation>
    <variation>
        <heat>warm,cold</heat>
        <warm>red</warm>
        <red>light</red>
        <cold>green</cold>
        <green>lime</green>
    </variation>
    <variation>
        <heat>warm,cold</heat>
        <warm>red</warm>
        <red>light</red>
        <cold>green</cold>
        <green>tea</green>
    </variation>
    <variation>
        <heat>warm,cold</heat>
        <warm>red</warm>
        <red>light</red>
        <cold>none</cold>
    </variation>
    <variation>
        <heat>warm,cold</heat>
        <warm>red,orange</warm>
        <red>auburn</red>
        <orange>peach</orange>
        <cold>blue</cold>
        <blue>azure</blue>
    </variation>
    <variation>
        <heat>warm,cold</heat>
        <warm>red,orange</warm>
        <red>auburn</red>
        <orange>peach</orange>
        <cold>blue</cold>
        <blue>indigo</blue>
    </variation>
    <variation>
        <heat>warm,cold</heat>
        <warm>red,orange</warm>
        <red>auburn</red>
        <orange>peach</orange>
        <cold>blue</cold>
        <blue>ultramarine</blue>
    </variation>
    <variation>
        <heat>warm,cold</heat>
        <warm>red,orange</warm>
        <red>auburn</red>
        <orange>peach</orange>
        <cold>blue,green</cold>
        <blue>azure</blue>
        <green>lime</green>
    </variation>
    <variation>
        <heat>warm,cold</heat>
        <warm>red,orange</warm>
        <red>auburn</red>
        <orange>peach</orange>
        <cold>blue,green</cold>
        <blue>azure</blue>
        <green>tea</green>
    </variation>
    <variation>
        <heat>warm,cold</heat>
        <warm>red,orange</warm>
        <red>auburn</red>
        <orange>peach</orange>
        <cold>blue,green</cold>
        <blue>indigo</blue>
        <green>lime</green>
    </variation>
    <variation>
        <heat>warm,cold</heat>
        <warm>red,orange</warm>
        <red>auburn</red>
        <orange>peach</orange>
        <cold>blue,green</cold>
        <blue>indigo</blue>
        <green>tea</green>
    </variation>
    <variation>
        <heat>warm,cold</heat>
        <warm>red,orange</warm>
        <red>auburn</red>
        <orange>peach</orange>
        <cold>blue,green</cold>
        <blue>ultramarine</blue>
        <green>lime</green>
    </variation>
    <variation>
        <heat>warm,cold</heat>
        <warm>red,orange</warm>
        <red>auburn</red>
        <orange>peach</orange>
        <cold>blue,green</cold>
        <blue>ultramarine</blue>
        <green>tea</green>
    </variation>
    <variation>
        <heat>warm,cold</heat>
        <warm>red,orange</warm>
        <red>auburn</red>
        <orange>peach</orange>
        <cold>green</cold>
        <green>lime</green>
    </variation>
    <variation>
        <heat>warm,cold</heat>
        <warm>red,orange</warm>
        <red>auburn</red>
        <orange>peach</orange>
        <cold>green</cold>
        <green>tea</green>
    </variation>
    <variation>
        <heat>warm,cold</heat>
        <warm>red,orange</warm>
        <red>auburn</red>
        <orange>peach</orange>
        <cold>none</cold>
    </variation>
    <variation>
        <heat>warm,cold</heat>
        <warm>red,orange</warm>
        <red>auburn</red>
        <orange>salmon</orange>
        <cold>blue</cold>
        <blue>azure</blue>
    </variation>
    <variation>
        <heat>warm,cold</heat>
        <warm>red,orange</warm>
        <red>auburn</red>
        <orange>salmon</orange>
        <cold>blue</cold>
        <blue>indigo</blue>
    </variation>
    <variation>
        <heat>warm,cold</heat>
        <warm>red,orange</warm>
        <red>auburn</red>
        <orange>salmon</orange>
        <cold>blue</cold>
        <blue>ultramarine</blue>
    </variation>
    <variation>
        <heat>warm,cold</heat>
        <warm>red,orange</warm>
        <red>auburn</red>
        <orange>salmon</orange>
        <cold>blue,green</cold>
        <blue>azure</blue>
        <green>lime</green>
    </variation>
    <variation>
        <heat>warm,cold</heat>
        <warm>red,orange</warm>
        <red>auburn</red>
        <orange>salmon</orange>
        <cold>blue,green</cold>
        <blue>azure</blue>
        <green>tea</green>
    </variation>
    <variation>
        <heat>warm,cold</heat>
        <warm>red,orange</warm>
        <red>auburn</red>
        <orange>salmon</orange>
        <cold>blue,green</cold>
        <blue>indigo</blue>
        <green>lime</green>
    </variation>
    <variation>
        <heat>warm,cold</heat>
        <warm>red,orange</warm>
        <red>auburn</red>
        <orange>salmon</orange>
        <cold>blue,green</cold>
        <blue>indigo</blue>
        <green>tea</green>
    </variation>
    <variation>
        <heat>warm,cold</heat>
        <warm>red,orange</warm>
        <red>auburn</red>
        <orange>salmon</orange>
        <cold>blue,green</cold>
        <blue>ultramarine</blue>
        <green>lime</green>
    </variation>
    <variation>
        <heat>warm,cold</heat>
        <warm>red,orange</warm>
        <red>auburn</red>
        <orange>salmon</orange>
        <cold>blue,green</cold>
        <blue>ultramarine</blue>
        <green>tea</green>
    </variation>
    <variation>
        <heat>warm,cold</heat>
        <warm>red,orange</warm>
        <red>auburn</red>
        <orange>salmon</orange>
        <cold>green</cold>
        <green>lime</green>
    </variation>
    <variation>
        <heat>warm,cold</heat>
        <warm>red,orange</warm>
        <red>auburn</red>
        <orange>salmon</orange>
        <cold>green</cold>
        <green>tea</green>
    </variation>
    <variation>
        <heat>warm,cold</heat>
        <warm>red,orange</warm>
        <red>auburn</red>
        <orange>salmon</orange>
        <cold>none</cold>
    </variation>
    <variation>
        <heat>warm,cold</heat>
        <warm>red,orange</warm>
        <red>burgundy</red>
        <orange>peach</orange>
        <cold>blue</cold>
        <blue>azure</blue>
    </variation>
    <variation>
        <heat>warm,cold</heat>
        <warm>red,orange</warm>
        <red>burgundy</red>
        <orange>peach</orange>
        <cold>blue</cold>
        <blue>indigo</blue>
    </variation>
    <variation>
        <heat>warm,cold</heat>
        <warm>red,orange</warm>
        <red>burgundy</red>
        <orange>peach</orange>
        <cold>blue</cold>
        <blue>ultramarine</blue>
    </variation>
    <variation>
        <heat>warm,cold</heat>
        <warm>red,orange</warm>
        <red>burgundy</red>
        <orange>peach</orange>
        <cold>blue,green</cold>
        <blue>azure</blue>
        <green>lime</green>
    </variation>
    <variation>
        <heat>warm,cold</heat>
        <warm>red,orange</warm>
        <red>burgundy</red>
        <orange>peach</orange>
        <cold>blue,green</cold>
        <blue>azure</blue>
        <green>tea</green>
    </variation>
    <variation>
        <heat>warm,cold</heat>
        <warm>red,orange</warm>
        <red>burgundy</red>
        <orange>peach</orange>
        <cold>blue,green</cold>
        <blue>indigo</blue>
        <green>lime</green>
    </variation>
    <variation>
        <heat>warm,cold</heat>
        <warm>red,orange</warm>
        <red>burgundy</red>
        <orange>peach</orange>
        <cold>blue,green</cold>
        <blue>indigo</blue>
        <green>tea</green>
    </variation>
    <variation>
        <heat>warm,cold</heat>
        <warm>red,orange</warm>
        <red>burgundy</red>
        <orange>peach</orange>
        <cold>blue,green</cold>
        <blue>ultramarine</blue>
        <green>lime</green>
    </variation>
    <variation>
        <heat>warm,cold</heat>
        <warm>red,orange</warm>
        <red>burgundy</red>
        <orange>peach</orange>
        <cold>blue,green</cold>
        <blue>ultramarine</blue>
        <green>tea</green>
    </variation>
    <variation>
        <heat>warm,cold</heat>
        <warm>red,orange</warm>
        <red>burgundy</red>
        <orange>peach</orange>
        <cold>green</cold>
        <green>lime</green>
    </variation>
    <variation>
        <heat>warm,cold</heat>
        <warm>red,orange</warm>
        <red>burgundy</red>
        <orange>peach</orange>
        <cold>green</cold>
        <green>tea</green>
    </variation>
    <variation>
        <heat>warm,cold</heat>
        <warm>red,orange</warm>
        <red>burgundy</red>
        <orange>peach</orange>
        <cold>none</cold>
    </variation>
    <variation>
        <heat>warm,cold</heat>
        <warm>red,orange</warm>
        <red>burgundy</red>
        <orange>salmon</orange>
        <cold>blue</cold>
        <blue>azure</blue>
    </variation>
    <variation>
        <heat>warm,cold</heat>
        <warm>red,orange</warm>
        <red>burgundy</red>
        <orange>salmon</orange>
        <cold>blue</cold>
        <blue>indigo</blue>
    </variation>
    <variation>
        <heat>warm,cold</heat>
        <warm>red,orange</warm>
        <red>burgundy</red>
        <orange>salmon</orange>
        <cold>blue</cold>
        <blue>ultramarine</blue>
    </variation>
    <variation>
        <heat>warm,cold</heat>
        <warm>red,orange</warm>
        <red>burgundy</red>
        <orange>salmon</orange>
        <cold>blue,green</cold>
        <blue>azure</blue>
        <green>lime</green>
    </variation>
    <variation>
        <heat>warm,cold</heat>
        <warm>red,orange</warm>
        <red>burgundy</red>
        <orange>salmon</orange>
        <cold>blue,green</cold>
        <blue>azure</blue>
        <green>tea</green>
    </variation>
    <variation>
        <heat>warm,cold</heat>
        <warm>red,orange</warm>
        <red>burgundy</red>
        <orange>salmon</orange>
        <cold>blue,green</cold>
        <blue>indigo</blue>
        <green>lime</green>
    </variation>
    <variation>
        <heat>warm,cold</heat>
        <warm>red,orange</warm>
        <red>burgundy</red>
        <orange>salmon</orange>
        <cold>blue,green</cold>
        <blue>indigo</blue>
        <green>tea</green>
    </variation>
    <variation>
        <heat>warm,cold</heat>
        <warm>red,orange</warm>
        <red>burgundy</red>
        <orange>salmon</orange>
        <cold>blue,green</cold>
        <blue>ultramarine</blue>
        <green>lime</green>
    </variation>
    <variation>
        <heat>warm,cold</heat>
        <warm>red,orange</warm>
        <red>burgundy</red>
        <orange>salmon</orange>
        <cold>blue,green</cold>
        <blue>ultramarine</blue>
        <green>tea</green>
    </variation>
    <variation>
        <heat>warm,cold</heat>
        <warm>red,orange</warm>
        <red>burgundy</red>
        <orange>salmon</orange>
        <cold>green</cold>
        <green>lime</green>
    </variation>
    <variation>
        <heat>warm,cold</heat>
        <warm>red,orange</warm>
        <red>burgundy</red>
        <orange>salmon</orange>
        <cold>green</cold>
        <green>tea</green>
    </variation>
    <variation>
        <heat>warm,cold</heat>
        <warm>red,orange</warm>
        <red>burgundy</red>
        <orange>salmon</orange>
        <cold>none</cold>
    </variation>
    <variation>
        <heat>warm,cold</heat>
        <warm>red,orange</warm>
        <red>light</red>
        <orange>peach</orange>
        <cold>blue</cold>
        <blue>azure</blue>
    </variation>
    <variation>
        <heat>warm,cold</heat>
        <warm>red,orange</warm>
        <red>light</red>
        <orange>peach</orange>
        <cold>blue</cold>
        <blue>indigo</blue>
    </variation>
    <variation>
        <heat>warm,cold</heat>
        <warm>red,orange</warm>
        <red>light</red>
        <orange>peach</orange>
        <cold>blue</cold>
        <blue>ultramarine</blue>
    </variation>
    <variation>
        <heat>warm,cold</heat>
        <warm>red,orange</warm>
        <red>light</red>
        <orange>peach</orange>
        <cold>blue,green</cold>
        <blue>azure</blue>
        <green>lime</green>
    </variation>
    <variation>
        <heat>warm,cold</heat>
        <warm>red,orange</warm>
        <red>light</red>
        <orange>peach</orange>
        <cold>blue,green</cold>
        <blue>azure</blue>
        <green>tea</green>
    </variation>
    <variation>
        <heat>warm,cold</heat>
        <warm>red,orange</warm>
        <red>light</red>
        <orange>peach</orange>
        <cold>blue,green</cold>
        <blue>indigo</blue>
        <green>lime</green>
    </variation>
    <variation>
        <heat>warm,cold</heat>
        <warm>red,orange</warm>
        <red>light</red>
        <orange>peach</orange>
        <cold>blue,green</cold>
        <blue>indigo</blue>
        <green>tea</green>
    </variation>
    <variation>
        <heat>warm,cold</heat>
        <warm>red,orange</warm>
        <red>light</red>
        <orange>peach</orange>
        <cold>blue,green</cold>
        <blue>ultramarine</blue>
        <green>lime</green>
    </variation>
    <variation>
        <heat>warm,cold</heat>
        <warm>red,orange</warm>
        <red>light</red>
        <orange>peach</orange>
        <cold>blue,green</cold>
        <blue>ultramarine</blue>
        <green>tea</green>
    </variation>
    <variation>
        <heat>warm,cold</heat>
        <warm>red,orange</warm>
        <red>light</red>
        <orange>peach</orange>
        <cold>green</cold>
        <green>lime</green>
    </variation>
    <variation>
        <heat>warm,cold</heat>
        <warm>red,orange</warm>
        <red>light</red>
        <orange>peach</orange>
        <cold>green</cold>
        <green>tea</green>
    </variation>
    <variation>
        <heat>warm,cold</heat>
        <warm>red,orange</warm>
        <red>light</red>
        <orange>peach</orange>
        <cold>none</cold>
    </variation>
    <variation>
        <heat>warm,cold</heat>
        <warm>red,orange</warm>
        <red>light</red>
        <orange>salmon</orange>
        <cold>blue</cold>
        <blue>azure</blue>
    </variation>
    <variation>
        <heat>warm,cold</heat>
        <warm>red,orange</warm>
        <red>light</red>
        <orange>salmon</orange>
        <cold>blue</cold>
        <blue>indigo</blue>
    </variation>
    <variation>
        <heat>warm,cold</heat>
        <warm>red,orange</warm>
        <red>light</red>
        <orange>salmon</orange>
        <cold>blue</cold>
        <blue>ultramarine</blue>
    </variation>
    <variation>
        <heat>warm,cold</heat>
        <warm>red,orange</warm>
        <red>light</red>
        <orange>salmon</orange>
        <cold>blue,green</cold>
        <blue>azure</blue>
        <green>lime</green>
    </variation>
    <variation>
        <heat>warm,cold</heat>
        <warm>red,orange</warm>
        <red>light</red>
        <orange>salmon</orange>
        <cold>blue,green</cold>
        <blue>azure</blue>
        <green>tea</green>
    </variation>
    <variation>
        <heat>warm,cold</heat>
        <warm>red,orange</warm>
        <red>light</red>
        <orange>salmon</orange>
        <cold>blue,green</cold>
        <blue>indigo</blue>
        <green>lime</green>
    </variation>
    <variation>
        <heat>warm,cold</heat>
        <warm>red,orange</warm>
        <red>light</red>
        <orange>salmon</orange>
        <cold>blue,green</cold>
        <blue>indigo</blue>
        <green>tea</green>
    </variation>
    <variation>
        <heat>warm,cold</heat>
        <warm>red,orange</warm>
        <red>light</red>
        <orange>salmon</orange>
        <cold>blue,green</cold>
        <blue>ultramarine</blue>
        <green>lime</green>
    </variation>
    <variation>
        <heat>warm,cold</heat>
        <warm>red,orange</warm>
        <red>light</red>
        <orange>salmon</orange>
        <cold>blue,green</cold>
        <blue>ultramarine</blue>
        <green>tea</green>
    </variation>
    <variation>
        <heat>warm,cold</heat>
        <warm>red,orange</warm>
        <red>light</red>
        <orange>salmon</orange>
        <cold>green</cold>
        <green>lime</green>
    </variation>
    <variation>
        <heat>warm,cold</heat>
        <warm>red,orange</warm>
        <red>light</red>
        <orange>salmon</orange>
        <cold>green</cold>
        <green>tea</green>
    </variation>
    <variation>
        <heat>warm,cold</heat>
        <warm>red,orange</warm>
        <red>light</red>
        <orange>salmon</orange>
        <cold>none</cold>
    </variation>
</variations>
