<?xml version="1.0" encoding="UTF-8"?>
<!--

    Copyright (c) 2025 Oracle and/or its affiliates.

    Licensed under the Apache License, Version 2.0 (the "License");
    you may not use this file except in compliance with the License.
    You may obtain a copy of the License at

        http://www.apache.org/licenses/LICENSE-2.0

    Unless required by applicable law or agreed to in writing, software
    distributed under the License is distributed on an "AS IS" BASIS,
    WITHOUT WARRANTIES OR CONDITIONS OF ANY KIND, either express or implied.
    See the License for the specific language governing permissions and
    limitations under the License.

-->
<archetype-script xmlns="https://helidon.io/archetype/2.0"
        xmlns:xsi="http://www.w3.org/2001/XMLSchema-instance"
        xsi:schemaLocation="https://helidon.io/archetype/2.0 https://helidon.io/xsd/archetype-2.0.xsd">
    <step name="Step">
        <inputs>
            <enum id="i1" name="Input1" default="option1" global="true">
                <option name="Option1" value="option1"/>
            </enum>
            <enum id="i2"
                  name="Input2"
                  default="option2"
                  global="true"
                  if="${i1} == &apos;option1&apos;">
                <option name="Option2" value="option2"/>
            </enum>
        </inputs>
        <variables>
            <text path="~i2" if="${i1} != &apos;option1&apos;"><![CDATA[]]></text>
        </variables>
        <inputs>
            <boolean id="i3"
                     name="Input3"
                     if="${i1} == &apos;option1&apos; &amp;&amp; ${i2} == &apos;option2&apos;">
                <inputs>
                    <text id="i4" name="Input4"/>
                </inputs>
            </boolean>
            <text id="i4" name="Input4"/>
        </inputs>
    </step>
</archetype-script>
