<?xml version="1.0" encoding="UTF-8"?>
<!--

    Copyright (c) 2025 Oracle and/or its affiliates.

    Licensed under the Apache License, Version 2.0 (the "License");
    you may not use this file except in compliance with the License.
    You may obtain a copy of the License at

        http://www.apache.org/licenses/LICENSE-2.0

    Unless required by applicable law or agreed to in writing, software
    distributed under the License is distributed on an "AS IS" BASIS,
    WITHOUT WARRANTIES OR CONDITIONS OF ANY KIND, either express or implied.
    See the License for the specific language governing permissions and
    limitations under the License.

-->
<archetype-script xmlns="https://helidon.io/archetype/2.0"
        xmlns:xsi="http://www.w3.org/2001/XMLSchema-instance"
        xsi:schemaLocation="https://helidon.io/archetype/2.0 https://helidon.io/xsd/archetype-2.0.xsd">
    <step name="Step1">
        <inputs>
            <enum id="enum1" name="Enum1">
                <option name="Option1" value="option1"/>
                <option name="Option2" value="option2"/>
                <option name="Option3" value="option3"/>
            </enum>
            <text id="package"
                  name="Java package"
                  default="io.helidon.build.maven.archetype.tests"/>
            <text id="groupId"
                  name="Project groupId"
                  default="io.helidon.build.maven.archetype.tests"/>
            <text id="artifactId" name="Project artifactId" default="${shape}-project"/>
            <text id="version" name="Project version" default="0.1-SNAPSHOT"/>
        </inputs>
    </step>
    <output>
        <transformation id="template-blobs-1">
            <replace regex="\QD41D8CD98F00B204E9800998ECF8427E\E"
                     replacement="${package/\./\/}/Main.java"/>
        </transformation>
        <templates engine="mustache" transformations="template-blobs-1">
            <directory>blobs</directory>
            <includes>
                <include>D41D8CD98F00B204E9800998ECF8427E</include>
                <include><![CDATA[]]></include>
            </includes>
        </templates>
        <model>
            <value key="enum1">${enum1}</value>
            <value key="package">${package}</value>
            <value key="groupId">${groupId}</value>
            <value key="artifactId">${artifactId}</value>
            <value key="version">${version}</value>
        </model>
    </output>
</archetype-script>
