{
  "expressions": {
  },
  "methods": {
    "1": [
    ]
  },
  "children": [
    {
      "kind": "call",
      "method": "1"
    }
  ]
}