{
  "expressions": {},
  "methods": {},
  "children": [
    {
      "name": "Step1",
      "id": "1",
      "kind": "step",
      "children": [
        {
          "kind": "inputs",
          "children": [
            {
              "name": "Enum1",
              "id": "enum1",
              "kind": "enum",
              "children": [
                {
                  "name": "Enum1Value1",
                  "value": "enum1-value1",
                  "kind": "option"
                },
                {
                  "name": "Enum1Value2",
                  "value": "enum1-value2",
                  "kind": "option"
                }
              ]
            }
          ]
        }
      ]
    }
  ]
}
