{
  "1": [
    {
      "kind": "literal",
      "value": [
        "",
        "adc",
        "def"
      ]
    },
    {
      "kind": "literal",
      "value": "foo"
    },
    {
      "kind": "operator",
      "value": "contains"
    }
  ],
  "2": [
    {
      "kind": "literal",
      "value": [
        "",
        "adc",
        "def"
      ]
    },
    {
      "kind": "literal",
      "value": "foo"
    },
    {
      "kind": "operator",
      "value": "contains"
    },
    {
      "kind": "literal",
      "value": false
    },
    {
      "kind": "operator",
      "value": "=="
    },
    {
      "kind": "literal",
      "value": false
    },
    {
      "kind": "operator",
      "value": "&&"
    },
    {
      "kind": "operator",
      "value": "!"
    }
  ],
  "3": [
    {
      "kind": "literal",
      "value": false
    },
    {
      "kind": "operator",
      "value": "!"
    }
  ],
  "4": [
    {
      "kind": "literal",
      "value": [
        "",
        "adc",
        "def"
      ]
    },
    {
      "kind": "literal",
      "value": "foo"
    },
    {
      "kind": "operator",
      "value": "contains"
    },
    {
      "kind": "literal",
      "value": false
    },
    {
      "kind": "operator",
      "value": "=="
    },
    {
      "kind": "literal",
      "value": true
    },
    {
      "kind": "operator",
      "value": "&&"
    },
    {
      "kind": "literal",
      "value": false
    },
    {
      "kind": "operator",
      "value": "!"
    },
    {
      "kind": "operator",
      "value": "||"
    }
  ],
  "5": [
    {
      "kind": "literal",
      "value": [
        "",
        "adc",
        "def"
      ]
    },
    {
      "kind": "literal",
      "value": "foo"
    },
    {
      "kind": "operator",
      "value": "contains"
    },
    {
      "kind": "literal",
      "value": false
    },
    {
      "kind": "operator",
      "value": "=="
    },
    {
      "kind": "literal",
      "value": true
    },
    {
      "kind": "operator",
      "value": "&&"
    },
    {
      "kind": "literal",
      "value": true
    },
    {
      "kind": "operator",
      "value": "!"
    },
    {
      "kind": "operator",
      "value": "||"
    }
  ],
  "6": [
    {
      "kind": "literal",
      "value": [
        "",
        "adc",
        "def"
      ]
    },
    {
      "kind": "literal",
      "value": "def"
    },
    {
      "kind": "operator",
      "value": "contains"
    }
  ],
  "7": [
    {
      "kind": "literal",
      "value": [
        "",
        "adc",
        "def"
      ]
    },
    {
      "kind": "literal",
      "value": "foo"
    },
    {
      "kind": "operator",
      "value": "contains"
    },
    {
      "kind": "literal",
      "value": true
    },
    {
      "kind": "operator",
      "value": "=="
    },
    {
      "kind": "literal",
      "value": false
    },
    {
      "kind": "operator",
      "value": "&&"
    }
  ],
  "8": [
    {
      "kind": "literal",
      "value": [
        "",
        "adc",
        "def"
      ]
    },
    {
      "kind": "literal",
      "value": "foo"
    },
    {
      "kind": "operator",
      "value": "contains"
    },
    {
      "kind": "literal",
      "value": false
    },
    {
      "kind": "operator",
      "value": "=="
    },
    {
      "kind": "literal",
      "value": true
    },
    {
      "kind": "operator",
      "value": "&&"
    }
  ],
  "9": [
    {
      "kind": "literal",
      "value": "aaa"
    },
    {
      "kind": "literal",
      "value": "aaa"
    },
    {
      "kind": "operator",
      "value": "=="
    },
    {
      "kind": "literal",
      "value": [
        "",
        "adc",
        "def"
      ]
    },
    {
      "kind": "literal",
      "value": ""
    },
    {
      "kind": "operator",
      "value": "contains"
    },
    {
      "kind": "operator",
      "value": "&&"
    }
  ],
  "10": [
    {
      "kind": "literal",
      "value": true
    },
    {
      "kind": "literal",
      "value": "bar"
    },
    {
      "kind": "literal",
      "value": "foo1"
    },
    {
      "kind": "operator",
      "value": "=="
    },
    {
      "kind": "operator",
      "value": "&&"
    },
    {
      "kind": "literal",
      "value": true
    },
    {
      "kind": "operator",
      "value": "||"
    }
  ],
  "11": [
    {
      "kind": "literal",
      "value": true
    },
    {
      "kind": "literal",
      "value": "bar"
    },
    {
      "kind": "literal",
      "value": "foo1"
    },
    {
      "kind": "operator",
      "value": "=="
    },
    {
      "kind": "operator",
      "value": "&&"
    },
    {
      "kind": "literal",
      "value": false
    },
    {
      "kind": "operator",
      "value": "||"
    }
  ],
  "12": [
    {
      "kind": "literal",
      "value": "def"
    },
    {
      "kind": "literal",
      "value": "def1"
    },
    {
      "kind": "operator",
      "value": "!="
    },
    {
      "kind": "literal",
      "value": false
    },
    {
      "kind": "literal",
      "value": true
    },
    {
      "kind": "operator",
      "value": "=="
    },
    {
      "kind": "operator",
      "value": "&&"
    }
  ],
  "13": [
    {
      "kind": "literal",
      "value": "def"
    },
    {
      "kind": "literal",
      "value": "def1"
    },
    {
      "kind": "operator",
      "value": "!="
    },
    {
      "kind": "literal",
      "value": false
    },
    {
      "kind": "operator",
      "value": "&&"
    }
  ],
  "14": [
    {
      "kind": "literal",
      "value": "def"
    },
    {
      "kind": "literal",
      "value": "def1"
    },
    {
      "kind": "operator",
      "value": "!="
    },
    {
      "kind": "literal",
      "value": true
    },
    {
      "kind": "operator",
      "value": "&&"
    }
  ],
  "15": [
    {
      "kind": "literal",
      "value": "def"
    },
    {
      "kind": "literal",
      "value": "def1"
    },
    {
      "kind": "operator",
      "value": "!="
    }
  ],
  "16": [
    {
      "kind": "literal",
      "value": "def"
    },
    {
      "kind": "literal",
      "value": "def"
    },
    {
      "kind": "operator",
      "value": "=="
    }
  ],
  "17": [
    {
      "kind": "literal",
      "value": "def"
    },
    {
      "kind": "literal",
      "value": "def"
    },
    {
      "kind": "operator",
      "value": "!="
    }
  ],
  "18": [
    {
      "kind": "literal",
      "value": true
    },
    {
      "kind": "literal",
      "value": true
    },
    {
      "kind": "literal",
      "value": false
    },
    {
      "kind": "operator",
      "value": "||"
    },
    {
      "kind": "literal",
      "value": true
    },
    {
      "kind": "operator",
      "value": "&&"
    },
    {
      "kind": "operator",
      "value": "=="
    }
  ],
  "19": [
    {
      "kind": "literal",
      "value": false
    },
    {
      "kind": "literal",
      "value": true
    },
    {
      "kind": "literal",
      "value": false
    },
    {
      "kind": "operator",
      "value": "||"
    },
    {
      "kind": "literal",
      "value": true
    },
    {
      "kind": "operator",
      "value": "&&"
    },
    {
      "kind": "operator",
      "value": "=="
    }
  ],
  "20": [
    {
      "kind": "literal",
      "value": false
    },
    {
      "kind": "literal",
      "value": true
    },
    {
      "kind": "literal",
      "value": false
    },
    {
      "kind": "operator",
      "value": "||"
    },
    {
      "kind": "literal",
      "value": false
    },
    {
      "kind": "operator",
      "value": "&&"
    },
    {
      "kind": "operator",
      "value": "=="
    }
  ],
  "21": [
    {
      "kind": "literal",
      "value": true
    },
    {
      "kind": "literal",
      "value": "def"
    },
    {
      "kind": "operator",
      "value": "=="
    }
  ],
  "22": [
    {
      "kind": "literal",
      "value": "true"
    },
    {
      "kind": "literal",
      "value": "def"
    },
    {
      "kind": "operator",
      "value": "||"
    }
  ],
  "23": [
    {
      "kind": "literal",
      "value": [
        "",
        "adc",
        "def"
      ]
    },
    {
      "kind": "literal",
      "value": [
        "",
        "adc",
        "def"
      ]
    },
    {
      "kind": "operator",
      "value": "contains"
    }
  ],
  "24": [
    {
      "kind": "literal",
      "value": true
    },
    {
      "kind": "variable",
      "value": "def"
    },
    {
      "kind": "operator",
      "value": "=="
    }
  ]
}
