{
  "expressions": {
    "1": [
      {
        "kind": "literal",
        "value": true
      }
    ],
    "2": [
      {
        "kind": "literal",
        "value": false
      },
      {
        "kind": "operator",
        "value": "!"
      },
      {
        "kind": "literal",
        "value": true
      },
      {
        "kind": "operator",
        "value": "&&"
      }
    ]
  },
  "methods": {},
  "children": [
    {
      "kind": "if",
      "if": "1",
      "children": [
        {
          "kind": "step",
          "name": "Step1",
          "id": "1",
          "children": [
            {
              "kind": "elseif",
              "if": "2",
              "children": [
                {
                  "kind": "inputs",
                  "children": [
                    {
                      "kind": "boolean",
                      "name": "Boolean1",
                      "id": "boolean1",
                      "default": false
                    }
                  ]
                }
              ]
            }
          ]
        }
      ]
    }
  ]
}