{
  "expressions": {},
  "methods": {},
  "children": [
    {
      "kind": "step",
      "name": "Step1",
      "id": "1",
      "children": [
        {
          "kind": "inputs",
          "children": [
            {
              "kind": "boolean",
              "name": "Boolean1",
              "id": "boolean1",
              "default": false
            }
          ]
        }
      ]
    }
  ]
}
