{
  "expressions": {
  },
  "methods": {
  },
  "children": [
    {
      "kind": "step",
      "label": "Step1",
      "id": "1",
      "children": [
        {
          "kind": "inputs",
          "children": [
            {
              "kind": "boolean",
              "label": "Boolean1",
              "name": "boolean1",
              "default": false,
              "children": [
                {
                  "kind": "inputs",
                  "children": [
                    {
                      "kind": "boolean",
                      "label": "Boolean2",
                      "name": "boolean2",
                      "default": false
                    }
                  ]
                }
              ]
            }
          ]
        }
      ]
    }
  ]
}
