{
  "expressions": {
  },
  "methods": {
    "1": [
      {
        "kind": "inputs",
        "children": [
          {
            "kind": "text",
            "name": "Comment",
            "id": "comment"
          }
        ]
      }
    ]
  },
  "children": [
    {
      "kind": "step",
      "name": "Cake",
      "id": "1",
      "children": [
        {
          "kind": "inputs",
          "children": [
            {
              "kind": "enum",
              "name": "Fruit",
              "id": "fruit",
              "default": "berries",
              "children": [
                {
                  "kind": "option",
                  "name": "Berries",
                  "value": "berries",
                  "children": [
                    {
                      "kind": "inputs",
                      "children": [
                        {
                          "kind": "enum",
                          "name": "Berry type",
                          "id": "berry-type",
                          "default": "raspberry",
                          "children": [
                            {
                              "kind": "option",
                              "name": "Raspberry",
                              "value": "raspberry",
                              "children": [
                                {
                                  "kind": "inputs",
                                  "children": [
                                    {
                                      "kind": "boolean",
                                      "name": "Organic",
                                      "id": "organic",
                                      "default": false
                                    }
                                  ]
                                }
                              ]
                            },
                            {
                              "kind": "option",
                              "name": "Strawberry",
                              "value": "strawberry",
                              "children": [
                                {
                                  "kind": "inputs",
                                  "children": [
                                    {
                                      "kind": "boolean",
                                      "name": "Frozen",
                                      "id": "frozen",
                                      "default": false
                                    }
                                  ]
                                }
                              ]
                            }
                          ]
                        }
                      ]
                    }
                  ]
                },
                {
                  "kind": "option",
                  "name": "Tropical",
                  "value": "tropical",
                  "children": [
                    {
                      "kind": "inputs",
                      "children": [
                        {
                          "kind": "enum",
                          "name": "Tropical type",
                          "id": "tropical-type",
                          "default": "mango",
                          "children": [
                            {
                              "kind": "option",
                              "name": "Mango",
                              "value": "mango",
                              "children": [
                                {
                                  "kind": "inputs",
                                  "children": [
                                    {
                                      "kind": "boolean",
                                      "name": "Fare trade",
                                      "id": "fare-trade",
                                      "default": false,
                                      "children": [
                                        {
                                          "kind": "call",
                                          "method": "1"
                                        }
                                      ]
                                    }
                                  ]
                                }
                              ]
                            },
                            {
                              "kind": "option",
                              "name": "Banana",
                              "value": "banana",
                              "children": [
                                {
                                  "kind": "inputs",
                                  "children": [
                                    {
                                      "kind": "boolean",
                                      "name": "Plantain",
                                      "id": "plantain",
                                      "default": false
                                    }
                                  ]
                                }
                              ]
                            }
                          ]
                        }
                      ]
                    }
                  ]
                }
              ]
            }
          ]
        },
        {
          "kind": "call",
          "method": "1"
        },
        {
          "kind": "inputs",
          "children": [
            {
              "kind": "boolean",
              "name": "Frosting",
              "id": "frosting",
              "default": false
            }
          ]
        }
      ]
    }
  ]
}
